Warning: the following filters are applied:
- logs with the following extensions: css,gif,ico,jpg,js,png,
Dot file saved to dot
Top 10 out of 3 visited nodes:
 1 - /page2.html (3 hits)
 2 - /page3.html (1 hits)
 3 - /page1.html (1 hits)
