Warning: the following filters are applied:
- logs between 10h and 11h
- logs from the domain intranet-if.insa-lyon.fr
- logs with the following extensions: css,gif,ico,jpg,js,png,
Dot file saved to dot
Top 10 out of 0 visited nodes:
