Warning: the following filters are applied:
- logs from the domain intranet-if.insa-lyon.fr
Dot file saved to dot
Top 10 out of 64 visited nodes:
 1 - /temps/3IF38.html (4 hits)
 2 - /temps/3IF39.html (3 hits)
 3 - /temps/3IF37.html (3 hits)
 4 - /temps/suivant.gif (2 hits)
 5 - /temps/style_emploi_du_temps.css (2 hits)
 6 - /temps/precedent.gif (2 hits)
 7 - /temps/choix.gif (2 hits)
 8 - /temps/FondInsa.jpg (2 hits)
 9 - /notesif/ (2 hits)
 10 - /temps/index.html (1 hits)
