Warning: the following filters are applied:
- logs from the domain www.google.fr
Dot file saved to dot
Top 10 out of 0 visited nodes:
