Warning: the following filters are applied:
- logs with the following extensions: css,gif,ico,jpg,js,png,
Dot file saved to dot
Top 10 out of 566 visited nodes:
 1 - /SiteWebIF/Intranet-etudiant.php (10426 hits)
 2 - /temps/ (2619 hits)
 3 - /notesif/ (2431 hits)
 4 - /temps/3IF1.ics (2165 hits)
 5 - /notesif (2006 hits)
 6 - /temps/4IF39.html (1865 hits)
 7 - /temps/3IF39.html (1738 hits)
 8 - /temps/4IF38.html (1565 hits)
 9 - /temps/4IF1.ics (1270 hits)
 10 - /temps/4IF40.html (1203 hits)
