Dot file saved to dot
Top 10 out of 776 visited nodes:
 1 - /SiteWebIF/Intranet-etudiant.php (10426 hits)
 2 - /temps/style_emploi_du_temps.css (4415 hits)
 3 - /temps/FondInsa.jpg (4267 hits)
 4 - /temps/suivant.gif (4198 hits)
 5 - /temps/choix.gif (4191 hits)
 6 - /temps/precedent.gif (4154 hits)
 7 - /temps/InsaIF.ico (3068 hits)
 8 - /temps/ (2619 hits)
 9 - /notesif/ (2431 hits)
 10 - /temps/3IF1.ics (2165 hits)
