Warning: the following filters are applied:
- logs between 8h and 9h
- logs with the following extensions: css,gif,ico,jpg,js,png,
Dot file saved to dot
Top 10 out of 0 visited nodes:
