Warning: the following filters are applied:
- logs with the following extensions: css,gif,ico,jpg,js,png,
Dot file saved to dot
Top 10 out of 62 visited nodes:
 1 - /SiteWebIF/Intranet-etudiant.php (10 hits)
 2 - /temps/3IF38.html (4 hits)
 3 - /temps/3IF39.html (3 hits)
 4 - /temps/3IF37.html (3 hits)
 5 - /notesif/ (3 hits)
 6 - / (3 hits)
 7 - /temps/ (2 hits)
 8 - /notesif (2 hits)
 9 - /temps/index.html (1 hits)
 10 - /temps/MK.ics (1 hits)
