Warning: the following filters are applied:
- logs between 15h and 16h
Dot file saved to dot
Top 10 out of 0 visited nodes:
