Dot file saved to dot
Top 10 out of 74 visited nodes:
 1 - /SiteWebIF/Intranet-etudiant.php (10 hits)
 2 - /temps/3IF38.html (4 hits)
 3 - /favicon.ico (4 hits)
 4 - /temps/3IF39.html (3 hits)
 5 - /temps/3IF37.html (3 hits)
 6 - /notesif/ (3 hits)
 7 - / (3 hits)
 8 - /temps/suivant.gif (2 hits)
 9 - /temps/style_emploi_du_temps.css (2 hits)
 10 - /temps/precedent.gif (2 hits)
