Warning: the following filters are applied:
- logs from the domain www.google.fr
- logs with the following extensions: css,gif,ico,jpg,js,png,
Dot file saved to dot
Top 10 out of 0 visited nodes:
